<?xml version="1.0"?>
<link_info>
   <banner>TI ARM Linker PC v5.2.5</banner>
   <copyright>Copyright (c) 1996-2015 Texas Instruments Incorporated</copyright>
   <link_time>0x575093a1</link_time>
   <link_errors>0x0</link_errors>
   <output_file>base-practica_TIVA-v2.out</output_file>
   <entry_point>
      <name>_c_int00</name>
      <address>0x15b41</address>
   </entry_point>
   <input_file_list>
      <input_file id="fl-2">
         <path>.\</path>
         <kind>object</kind>
         <file>commands.obj</file>
         <name>commands.obj</name>
      </input_file>
      <input_file id="fl-3">
         <path>.\</path>
         <kind>object</kind>
         <file>configADC.obj</file>
         <name>configADC.obj</name>
      </input_file>
      <input_file id="fl-4">
         <path>.\</path>
         <kind>object</kind>
         <file>crc.obj</file>
         <name>crc.obj</name>
      </input_file>
      <input_file id="fl-5">
         <path>.\</path>
         <kind>object</kind>
         <file>main.obj</file>
         <name>main.obj</name>
      </input_file>
      <input_file id="fl-6">
         <path>.\</path>
         <kind>object</kind>
         <file>protocol.obj</file>
         <name>protocol.obj</name>
      </input_file>
      <input_file id="fl-7">
         <path>.\</path>
         <kind>object</kind>
         <file>remote.obj</file>
         <name>remote.obj</name>
      </input_file>
      <input_file id="fl-8">
         <path>.\</path>
         <kind>object</kind>
         <file>startup_ccs.obj</file>
         <name>startup_ccs.obj</name>
      </input_file>
      <input_file id="fl-9">
         <path>.\</path>
         <kind>object</kind>
         <file>usb_dev_serial.obj</file>
         <name>usb_dev_serial.obj</name>
      </input_file>
      <input_file id="fl-a">
         <path>.\</path>
         <kind>object</kind>
         <file>usb_serial_structs.obj</file>
         <name>usb_serial_structs.obj</name>
      </input_file>
      <input_file id="fl-b">
         <path>.\utils\</path>
         <kind>object</kind>
         <file>RunTimeStatsConfig.obj</file>
         <name>RunTimeStatsConfig.obj</name>
      </input_file>
      <input_file id="fl-c">
         <path>.\utils\</path>
         <kind>object</kind>
         <file>cmdline.obj</file>
         <name>cmdline.obj</name>
      </input_file>
      <input_file id="fl-d">
         <path>.\utils\</path>
         <kind>object</kind>
         <file>cpu_usage.obj</file>
         <name>cpu_usage.obj</name>
      </input_file>
      <input_file id="fl-e">
         <path>.\utils\</path>
         <kind>object</kind>
         <file>uartstdio.obj</file>
         <name>uartstdio.obj</name>
      </input_file>
      <input_file id="fl-f">
         <path>.\utils\</path>
         <kind>object</kind>
         <file>ustdlib.obj</file>
         <name>ustdlib.obj</name>
      </input_file>
      <input_file id="fl-10">
         <path>.\usblib\</path>
         <kind>object</kind>
         <file>usbbuffer.obj</file>
         <name>usbbuffer.obj</name>
      </input_file>
      <input_file id="fl-11">
         <path>.\usblib\</path>
         <kind>object</kind>
         <file>usbdesc.obj</file>
         <name>usbdesc.obj</name>
      </input_file>
      <input_file id="fl-12">
         <path>.\usblib\</path>
         <kind>object</kind>
         <file>usbdma.obj</file>
         <name>usbdma.obj</name>
      </input_file>
      <input_file id="fl-13">
         <path>.\usblib\</path>
         <kind>object</kind>
         <file>usbkeyboardmap.obj</file>
         <name>usbkeyboardmap.obj</name>
      </input_file>
      <input_file id="fl-14">
         <path>.\usblib\</path>
         <kind>object</kind>
         <file>usbmode.obj</file>
         <name>usbmode.obj</name>
      </input_file>
      <input_file id="fl-15">
         <path>.\usblib\</path>
         <kind>object</kind>
         <file>usbringbuf.obj</file>
         <name>usbringbuf.obj</name>
      </input_file>
      <input_file id="fl-16">
         <path>.\usblib\</path>
         <kind>object</kind>
         <file>usbtick.obj</file>
         <name>usbtick.obj</name>
      </input_file>
      <input_file id="fl-17">
         <path>.\usblib\</path>
         <kind>object</kind>
         <file>usbulpi.obj</file>
         <name>usbulpi.obj</name>
      </input_file>
      <input_file id="fl-18">
         <path>.\usblib\host\</path>
         <kind>object</kind>
         <file>usbhaudio.obj</file>
         <name>usbhaudio.obj</name>
      </input_file>
      <input_file id="fl-19">
         <path>.\usblib\host\</path>
         <kind>object</kind>
         <file>usbhhid.obj</file>
         <name>usbhhid.obj</name>
      </input_file>
      <input_file id="fl-1a">
         <path>.\usblib\host\</path>
         <kind>object</kind>
         <file>usbhhidkeyboard.obj</file>
         <name>usbhhidkeyboard.obj</name>
      </input_file>
      <input_file id="fl-1b">
         <path>.\usblib\host\</path>
         <kind>object</kind>
         <file>usbhhidmouse.obj</file>
         <name>usbhhidmouse.obj</name>
      </input_file>
      <input_file id="fl-1c">
         <path>.\usblib\host\</path>
         <kind>object</kind>
         <file>usbhhub.obj</file>
         <name>usbhhub.obj</name>
      </input_file>
      <input_file id="fl-1d">
         <path>.\usblib\host\</path>
         <kind>object</kind>
         <file>usbhmsc.obj</file>
         <name>usbhmsc.obj</name>
      </input_file>
      <input_file id="fl-1e">
         <path>.\usblib\host\</path>
         <kind>object</kind>
         <file>usbhostenum.obj</file>
         <name>usbhostenum.obj</name>
      </input_file>
      <input_file id="fl-1f">
         <path>.\usblib\host\</path>
         <kind>object</kind>
         <file>usbhscsi.obj</file>
         <name>usbhscsi.obj</name>
      </input_file>
      <input_file id="fl-20">
         <path>.\usblib\device\</path>
         <kind>object</kind>
         <file>usbdaudio.obj</file>
         <name>usbdaudio.obj</name>
      </input_file>
      <input_file id="fl-21">
         <path>.\usblib\device\</path>
         <kind>object</kind>
         <file>usbdbulk.obj</file>
         <name>usbdbulk.obj</name>
      </input_file>
      <input_file id="fl-22">
         <path>.\usblib\device\</path>
         <kind>object</kind>
         <file>usbdcdc.obj</file>
         <name>usbdcdc.obj</name>
      </input_file>
      <input_file id="fl-23">
         <path>.\usblib\device\</path>
         <kind>object</kind>
         <file>usbdcdesc.obj</file>
         <name>usbdcdesc.obj</name>
      </input_file>
      <input_file id="fl-24">
         <path>.\usblib\device\</path>
         <kind>object</kind>
         <file>usbdcomp.obj</file>
         <name>usbdcomp.obj</name>
      </input_file>
      <input_file id="fl-25">
         <path>.\usblib\device\</path>
         <kind>object</kind>
         <file>usbdconfig.obj</file>
         <name>usbdconfig.obj</name>
      </input_file>
      <input_file id="fl-26">
         <path>.\usblib\device\</path>
         <kind>object</kind>
         <file>usbddfu-rt.obj</file>
         <name>usbddfu-rt.obj</name>
      </input_file>
      <input_file id="fl-27">
         <path>.\usblib\device\</path>
         <kind>object</kind>
         <file>usbdenum.obj</file>
         <name>usbdenum.obj</name>
      </input_file>
      <input_file id="fl-28">
         <path>.\usblib\device\</path>
         <kind>object</kind>
         <file>usbdhandler.obj</file>
         <name>usbdhandler.obj</name>
      </input_file>
      <input_file id="fl-29">
         <path>.\usblib\device\</path>
         <kind>object</kind>
         <file>usbdhid.obj</file>
         <name>usbdhid.obj</name>
      </input_file>
      <input_file id="fl-2a">
         <path>.\usblib\device\</path>
         <kind>object</kind>
         <file>usbdhidgamepad.obj</file>
         <name>usbdhidgamepad.obj</name>
      </input_file>
      <input_file id="fl-2b">
         <path>.\usblib\device\</path>
         <kind>object</kind>
         <file>usbdhidkeyb.obj</file>
         <name>usbdhidkeyb.obj</name>
      </input_file>
      <input_file id="fl-2c">
         <path>.\usblib\device\</path>
         <kind>object</kind>
         <file>usbdhidmouse.obj</file>
         <name>usbdhidmouse.obj</name>
      </input_file>
      <input_file id="fl-2d">
         <path>.\usblib\device\</path>
         <kind>object</kind>
         <file>usbdmsc.obj</file>
         <name>usbdmsc.obj</name>
      </input_file>
      <input_file id="fl-2e">
         <path>.\drivers\</path>
         <kind>object</kind>
         <file>buttons.obj</file>
         <name>buttons.obj</name>
      </input_file>
      <input_file id="fl-2f">
         <path>.\drivers\</path>
         <kind>object</kind>
         <file>rgb.obj</file>
         <name>rgb.obj</name>
      </input_file>
      <input_file id="fl-30">
         <path>.\driverlib\</path>
         <kind>object</kind>
         <file>adc.obj</file>
         <name>adc.obj</name>
      </input_file>
      <input_file id="fl-31">
         <path>.\driverlib\</path>
         <kind>object</kind>
         <file>aes.obj</file>
         <name>aes.obj</name>
      </input_file>
      <input_file id="fl-32">
         <path>.\driverlib\</path>
         <kind>object</kind>
         <file>can.obj</file>
         <name>can.obj</name>
      </input_file>
      <input_file id="fl-33">
         <path>.\driverlib\</path>
         <kind>object</kind>
         <file>comp.obj</file>
         <name>comp.obj</name>
      </input_file>
      <input_file id="fl-34">
         <path>.\driverlib\</path>
         <kind>object</kind>
         <file>cpu.obj</file>
         <name>cpu.obj</name>
      </input_file>
      <input_file id="fl-35">
         <path>.\driverlib\</path>
         <kind>object</kind>
         <file>crc.obj</file>
         <name>crc.obj</name>
      </input_file>
      <input_file id="fl-36">
         <path>.\driverlib\</path>
         <kind>object</kind>
         <file>des.obj</file>
         <name>des.obj</name>
      </input_file>
      <input_file id="fl-37">
         <path>.\driverlib\</path>
         <kind>object</kind>
         <file>eeprom.obj</file>
         <name>eeprom.obj</name>
      </input_file>
      <input_file id="fl-38">
         <path>.\driverlib\</path>
         <kind>object</kind>
         <file>emac.obj</file>
         <name>emac.obj</name>
      </input_file>
      <input_file id="fl-39">
         <path>.\driverlib\</path>
         <kind>object</kind>
         <file>epi.obj</file>
         <name>epi.obj</name>
      </input_file>
      <input_file id="fl-3a">
         <path>.\driverlib\</path>
         <kind>object</kind>
         <file>epi_workaround_ccs.obj</file>
         <name>epi_workaround_ccs.obj</name>
      </input_file>
      <input_file id="fl-3b">
         <path>.\driverlib\</path>
         <kind>object</kind>
         <file>flash.obj</file>
         <name>flash.obj</name>
      </input_file>
      <input_file id="fl-3c">
         <path>.\driverlib\</path>
         <kind>object</kind>
         <file>fpu.obj</file>
         <name>fpu.obj</name>
      </input_file>
      <input_file id="fl-3d">
         <path>.\driverlib\</path>
         <kind>object</kind>
         <file>gpio.obj</file>
         <name>gpio.obj</name>
      </input_file>
      <input_file id="fl-3e">
         <path>.\driverlib\</path>
         <kind>object</kind>
         <file>hibernate.obj</file>
         <name>hibernate.obj</name>
      </input_file>
      <input_file id="fl-3f">
         <path>.\driverlib\</path>
         <kind>object</kind>
         <file>i2c.obj</file>
         <name>i2c.obj</name>
      </input_file>
      <input_file id="fl-40">
         <path>.\driverlib\</path>
         <kind>object</kind>
         <file>interrupt.obj</file>
         <name>interrupt.obj</name>
      </input_file>
      <input_file id="fl-41">
         <path>.\driverlib\</path>
         <kind>object</kind>
         <file>lcd.obj</file>
         <name>lcd.obj</name>
      </input_file>
      <input_file id="fl-42">
         <path>.\driverlib\</path>
         <kind>object</kind>
         <file>mpu.obj</file>
         <name>mpu.obj</name>
      </input_file>
      <input_file id="fl-43">
         <path>.\driverlib\</path>
         <kind>object</kind>
         <file>onewire.obj</file>
         <name>onewire.obj</name>
      </input_file>
      <input_file id="fl-44">
         <path>.\driverlib\</path>
         <kind>object</kind>
         <file>pwm.obj</file>
         <name>pwm.obj</name>
      </input_file>
      <input_file id="fl-45">
         <path>.\driverlib\</path>
         <kind>object</kind>
         <file>qei.obj</file>
         <name>qei.obj</name>
      </input_file>
      <input_file id="fl-46">
         <path>.\driverlib\</path>
         <kind>object</kind>
         <file>shamd5.obj</file>
         <name>shamd5.obj</name>
      </input_file>
      <input_file id="fl-47">
         <path>.\driverlib\</path>
         <kind>object</kind>
         <file>ssi.obj</file>
         <name>ssi.obj</name>
      </input_file>
      <input_file id="fl-48">
         <path>.\driverlib\</path>
         <kind>object</kind>
         <file>sw_crc.obj</file>
         <name>sw_crc.obj</name>
      </input_file>
      <input_file id="fl-49">
         <path>.\driverlib\</path>
         <kind>object</kind>
         <file>sysctl.obj</file>
         <name>sysctl.obj</name>
      </input_file>
      <input_file id="fl-4a">
         <path>.\driverlib\</path>
         <kind>object</kind>
         <file>sysexc.obj</file>
         <name>sysexc.obj</name>
      </input_file>
      <input_file id="fl-4b">
         <path>.\driverlib\</path>
         <kind>object</kind>
         <file>systick.obj</file>
         <name>systick.obj</name>
      </input_file>
      <input_file id="fl-4c">
         <path>.\driverlib\</path>
         <kind>object</kind>
         <file>timer.obj</file>
         <name>timer.obj</name>
      </input_file>
      <input_file id="fl-4d">
         <path>.\driverlib\</path>
         <kind>object</kind>
         <file>uart.obj</file>
         <name>uart.obj</name>
      </input_file>
      <input_file id="fl-4e">
         <path>.\driverlib\</path>
         <kind>object</kind>
         <file>udma.obj</file>
         <name>udma.obj</name>
      </input_file>
      <input_file id="fl-4f">
         <path>.\driverlib\</path>
         <kind>object</kind>
         <file>usb.obj</file>
         <name>usb.obj</name>
      </input_file>
      <input_file id="fl-50">
         <path>.\driverlib\</path>
         <kind>object</kind>
         <file>watchdog.obj</file>
         <name>watchdog.obj</name>
      </input_file>
      <input_file id="fl-51">
         <path>.\FreeRTOS\Source\</path>
         <kind>object</kind>
         <file>croutine.obj</file>
         <name>croutine.obj</name>
      </input_file>
      <input_file id="fl-52">
         <path>.\FreeRTOS\Source\</path>
         <kind>object</kind>
         <file>event_groups.obj</file>
         <name>event_groups.obj</name>
      </input_file>
      <input_file id="fl-53">
         <path>.\FreeRTOS\Source\</path>
         <kind>object</kind>
         <file>list.obj</file>
         <name>list.obj</name>
      </input_file>
      <input_file id="fl-54">
         <path>.\FreeRTOS\Source\</path>
         <kind>object</kind>
         <file>queue.obj</file>
         <name>queue.obj</name>
      </input_file>
      <input_file id="fl-55">
         <path>.\FreeRTOS\Source\</path>
         <kind>object</kind>
         <file>tasks.obj</file>
         <name>tasks.obj</name>
      </input_file>
      <input_file id="fl-56">
         <path>.\FreeRTOS\Source\</path>
         <kind>object</kind>
         <file>timers.obj</file>
         <name>timers.obj</name>
      </input_file>
      <input_file id="fl-57">
         <path>.\FreeRTOS\Source\portable\MemMang\</path>
         <kind>object</kind>
         <file>heap_2.obj</file>
         <name>heap_2.obj</name>
      </input_file>
      <input_file id="fl-58">
         <path>.\FreeRTOS\Source\portable\CCS\ARM_CM4F\</path>
         <kind>object</kind>
         <file>port.obj</file>
         <name>port.obj</name>
      </input_file>
      <input_file id="fl-59">
         <path>.\FreeRTOS\Source\portable\CCS\ARM_CM4F\</path>
         <kind>object</kind>
         <file>portasm.obj</file>
         <name>portasm.obj</name>
      </input_file>
      <input_file id="fl-17f">
         <path>C:\ti\ccsv6\tools\compiler\ti-cgt-arm_5.2.5\lib\</path>
         <kind>archive</kind>
         <file>rtsv7M4_T_le_v4SPD16_eabi.lib</file>
         <name>boot.obj</name>
      </input_file>
      <input_file id="fl-180">
         <path>C:\ti\ccsv6\tools\compiler\ti-cgt-arm_5.2.5\lib\</path>
         <kind>archive</kind>
         <file>rtsv7M4_T_le_v4SPD16_eabi.lib</file>
         <name>copy_decompress_none.obj</name>
      </input_file>
      <input_file id="fl-181">
         <path>C:\ti\ccsv6\tools\compiler\ti-cgt-arm_5.2.5\lib\</path>
         <kind>archive</kind>
         <file>rtsv7M4_T_le_v4SPD16_eabi.lib</file>
         <name>copy_decompress_rle.obj</name>
      </input_file>
      <input_file id="fl-182">
         <path>C:\ti\ccsv6\tools\compiler\ti-cgt-arm_5.2.5\lib\</path>
         <kind>archive</kind>
         <file>rtsv7M4_T_le_v4SPD16_eabi.lib</file>
         <name>copy_zero_init.obj</name>
      </input_file>
      <input_file id="fl-183">
         <path>C:\ti\ccsv6\tools\compiler\ti-cgt-arm_5.2.5\lib\</path>
         <kind>archive</kind>
         <file>rtsv7M4_T_le_v4SPD16_eabi.lib</file>
         <name>exit.obj</name>
      </input_file>
      <input_file id="fl-184">
         <path>C:\ti\ccsv6\tools\compiler\ti-cgt-arm_5.2.5\lib\</path>
         <kind>archive</kind>
         <file>rtsv7M4_T_le_v4SPD16_eabi.lib</file>
         <name>fd_div_t2.obj</name>
      </input_file>
      <input_file id="fl-185">
         <path>C:\ti\ccsv6\tools\compiler\ti-cgt-arm_5.2.5\lib\</path>
         <kind>archive</kind>
         <file>rtsv7M4_T_le_v4SPD16_eabi.lib</file>
         <name>fd_tou_t2.obj</name>
      </input_file>
      <input_file id="fl-186">
         <path>C:\ti\ccsv6\tools\compiler\ti-cgt-arm_5.2.5\lib\</path>
         <kind>archive</kind>
         <file>rtsv7M4_T_le_v4SPD16_eabi.lib</file>
         <name>fs_toull_t2.obj</name>
      </input_file>
      <input_file id="fl-187">
         <path>C:\ti\ccsv6\tools\compiler\ti-cgt-arm_5.2.5\lib\</path>
         <kind>archive</kind>
         <file>rtsv7M4_T_le_v4SPD16_eabi.lib</file>
         <name>memcpy_t2.obj</name>
      </input_file>
      <input_file id="fl-188">
         <path>C:\ti\ccsv6\tools\compiler\ti-cgt-arm_5.2.5\lib\</path>
         <kind>archive</kind>
         <file>rtsv7M4_T_le_v4SPD16_eabi.lib</file>
         <name>memset_t2.obj</name>
      </input_file>
      <input_file id="fl-189">
         <path>C:\ti\ccsv6\tools\compiler\ti-cgt-arm_5.2.5\lib\</path>
         <kind>archive</kind>
         <file>rtsv7M4_T_le_v4SPD16_eabi.lib</file>
         <name>pre_init.obj</name>
      </input_file>
      <input_file id="fl-18a">
         <path>C:\ti\ccsv6\tools\compiler\ti-cgt-arm_5.2.5\lib\</path>
         <kind>archive</kind>
         <file>rtsv7M4_T_le_v4SPD16_eabi.lib</file>
         <name>sprintf.obj</name>
      </input_file>
      <input_file id="fl-18b">
         <path>C:\ti\ccsv6\tools\compiler\ti-cgt-arm_5.2.5\lib\</path>
         <kind>archive</kind>
         <file>rtsv7M4_T_le_v4SPD16_eabi.lib</file>
         <name>stkdepth_vars.obj</name>
      </input_file>
      <input_file id="fl-18c">
         <path>C:\ti\ccsv6\tools\compiler\ti-cgt-arm_5.2.5\lib\</path>
         <kind>archive</kind>
         <file>rtsv7M4_T_le_v4SPD16_eabi.lib</file>
         <name>strcmp.obj</name>
      </input_file>
      <input_file id="fl-18d">
         <path>C:\ti\ccsv6\tools\compiler\ti-cgt-arm_5.2.5\lib\</path>
         <kind>archive</kind>
         <file>rtsv7M4_T_le_v4SPD16_eabi.lib</file>
         <name>strcpy.obj</name>
      </input_file>
      <input_file id="fl-18e">
         <path>C:\ti\ccsv6\tools\compiler\ti-cgt-arm_5.2.5\lib\</path>
         <kind>archive</kind>
         <file>rtsv7M4_T_le_v4SPD16_eabi.lib</file>
         <name>strlen.obj</name>
      </input_file>
      <input_file id="fl-18f">
         <path>C:\ti\ccsv6\tools\compiler\ti-cgt-arm_5.2.5\lib\</path>
         <kind>archive</kind>
         <file>rtsv7M4_T_le_v4SPD16_eabi.lib</file>
         <name>strncmp.obj</name>
      </input_file>
      <input_file id="fl-190">
         <path>C:\ti\ccsv6\tools\compiler\ti-cgt-arm_5.2.5\lib\</path>
         <kind>archive</kind>
         <file>rtsv7M4_T_le_v4SPD16_eabi.lib</file>
         <name>u_divt2.obj</name>
      </input_file>
      <input_file id="fl-191">
         <path>C:\ti\ccsv6\tools\compiler\ti-cgt-arm_5.2.5\lib\</path>
         <kind>archive</kind>
         <file>rtsv7M4_T_le_v4SPD16_eabi.lib</file>
         <name>u_tofd_t2.obj</name>
      </input_file>
      <input_file id="fl-192">
         <path>C:\ti\ccsv6\tools\compiler\ti-cgt-arm_5.2.5\lib\</path>
         <kind>archive</kind>
         <file>rtsv7M4_T_le_v4SPD16_eabi.lib</file>
         <name>_lock.obj</name>
      </input_file>
      <input_file id="fl-193">
         <path>C:\ti\ccsv6\tools\compiler\ti-cgt-arm_5.2.5\lib\</path>
         <kind>archive</kind>
         <file>rtsv7M4_T_le_v4SPD16_eabi.lib</file>
         <name>_printfi.obj</name>
      </input_file>
      <input_file id="fl-194">
         <path>C:\ti\ccsv6\tools\compiler\ti-cgt-arm_5.2.5\lib\</path>
         <kind>archive</kind>
         <file>rtsv7M4_T_le_v4SPD16_eabi.lib</file>
         <name>args_main.obj</name>
      </input_file>
      <input_file id="fl-195">
         <path>C:\ti\ccsv6\tools\compiler\ti-cgt-arm_5.2.5\lib\</path>
         <kind>archive</kind>
         <file>rtsv7M4_T_le_v4SPD16_eabi.lib</file>
         <name>atoi.obj</name>
      </input_file>
      <input_file id="fl-196">
         <path>C:\ti\ccsv6\tools\compiler\ti-cgt-arm_5.2.5\lib\</path>
         <kind>archive</kind>
         <file>rtsv7M4_T_le_v4SPD16_eabi.lib</file>
         <name>autoinit.obj</name>
      </input_file>
      <input_file id="fl-197">
         <path>C:\ti\ccsv6\tools\compiler\ti-cgt-arm_5.2.5\lib\</path>
         <kind>archive</kind>
         <file>rtsv7M4_T_le_v4SPD16_eabi.lib</file>
         <name>cpy_tbl.obj</name>
      </input_file>
      <input_file id="fl-198">
         <path>C:\ti\ccsv6\tools\compiler\ti-cgt-arm_5.2.5\lib\</path>
         <kind>archive</kind>
         <file>rtsv7M4_T_le_v4SPD16_eabi.lib</file>
         <name>ctype.obj</name>
      </input_file>
      <input_file id="fl-199">
         <path>C:\ti\ccsv6\tools\compiler\ti-cgt-arm_5.2.5\lib\</path>
         <kind>archive</kind>
         <file>rtsv7M4_T_le_v4SPD16_eabi.lib</file>
         <name>fd_add_t2.obj</name>
      </input_file>
      <input_file id="fl-19a">
         <path>C:\ti\ccsv6\tools\compiler\ti-cgt-arm_5.2.5\lib\</path>
         <kind>archive</kind>
         <file>rtsv7M4_T_le_v4SPD16_eabi.lib</file>
         <name>fd_cmp_t2.obj</name>
      </input_file>
      <input_file id="fl-19b">
         <path>C:\ti\ccsv6\tools\compiler\ti-cgt-arm_5.2.5\lib\</path>
         <kind>archive</kind>
         <file>rtsv7M4_T_le_v4SPD16_eabi.lib</file>
         <name>fd_mul_t2.obj</name>
      </input_file>
      <input_file id="fl-19c">
         <path>C:\ti\ccsv6\tools\compiler\ti-cgt-arm_5.2.5\lib\</path>
         <kind>archive</kind>
         <file>rtsv7M4_T_le_v4SPD16_eabi.lib</file>
         <name>fd_toi_t2.obj</name>
      </input_file>
      <input_file id="fl-19d">
         <path>C:\ti\ccsv6\tools\compiler\ti-cgt-arm_5.2.5\lib\</path>
         <kind>archive</kind>
         <file>rtsv7M4_T_le_v4SPD16_eabi.lib</file>
         <name>frexp.obj</name>
      </input_file>
      <input_file id="fl-19e">
         <path>C:\ti\ccsv6\tools\compiler\ti-cgt-arm_5.2.5\lib\</path>
         <kind>archive</kind>
         <file>rtsv7M4_T_le_v4SPD16_eabi.lib</file>
         <name>i_div0.obj</name>
      </input_file>
      <input_file id="fl-19f">
         <path>C:\ti\ccsv6\tools\compiler\ti-cgt-arm_5.2.5\lib\</path>
         <kind>archive</kind>
         <file>rtsv7M4_T_le_v4SPD16_eabi.lib</file>
         <name>i_tofd_t2.obj</name>
      </input_file>
      <input_file id="fl-1a0">
         <path>C:\ti\ccsv6\tools\compiler\ti-cgt-arm_5.2.5\lib\</path>
         <kind>archive</kind>
         <file>rtsv7M4_T_le_v4SPD16_eabi.lib</file>
         <name>ldexp.obj</name>
      </input_file>
      <input_file id="fl-1a1">
         <path>C:\ti\ccsv6\tools\compiler\ti-cgt-arm_5.2.5\lib\</path>
         <kind>archive</kind>
         <file>rtsv7M4_T_le_v4SPD16_eabi.lib</file>
         <name>ltoa.obj</name>
      </input_file>
      <input_file id="fl-1a2">
         <path>C:\ti\ccsv6\tools\compiler\ti-cgt-arm_5.2.5\lib\</path>
         <kind>archive</kind>
         <file>rtsv7M4_T_le_v4SPD16_eabi.lib</file>
         <name>memccpy.obj</name>
      </input_file>
      <input_file id="fl-1a3">
         <path>C:\ti\ccsv6\tools\compiler\ti-cgt-arm_5.2.5\lib\</path>
         <kind>archive</kind>
         <file>rtsv7M4_T_le_v4SPD16_eabi.lib</file>
         <name>strchr.obj</name>
      </input_file>
      <input_file id="fl-1a4">
         <path>C:\ti\ccsv6\tools\compiler\ti-cgt-arm_5.2.5\lib\</path>
         <kind>archive</kind>
         <file>rtsv7M4_T_le_v4SPD16_eabi.lib</file>
         <name>ull_div_t2.obj</name>
      </input_file>
      <input_file id="fl-1a5">
         <path>C:\ti\ccsv6\tools\compiler\ti-cgt-arm_5.2.5\lib\</path>
         <kind>archive</kind>
         <file>rtsv7M4_T_le_v4SPD16_eabi.lib</file>
         <name>xdclass.obj</name>
      </input_file>
      <input_file id="fl-1a6">
         <path>C:\ti\ccsv6\tools\compiler\ti-cgt-arm_5.2.5\lib\</path>
         <kind>archive</kind>
         <file>rtsv7M4_T_le_v4SPD16_eabi.lib</file>
         <name>xdscale.obj</name>
      </input_file>
      <input_file id="fl-1a7">
         <path>C:\ti\ccsv6\tools\compiler\ti-cgt-arm_5.2.5\lib\</path>
         <kind>archive</kind>
         <file>rtsv7M4_T_le_v4SPD16_eabi.lib</file>
         <name>xdunscal.obj</name>
      </input_file>
      <input_file id="fl-1a8">
         <path>C:\ti\ccsv6\tools\compiler\ti-cgt-arm_5.2.5\lib\</path>
         <kind>archive</kind>
         <file>rtsv7M4_T_le_v4SPD16_eabi.lib</file>
         <name>xferaise.obj</name>
      </input_file>
      <input_file id="fl-1a9">
         <path>C:\ti\ccsv6\tools\compiler\ti-cgt-arm_5.2.5\lib\</path>
         <kind>archive</kind>
         <file>rtsv7M4_T_le_v4SPD16_eabi.lib</file>
         <name>xvalues.obj</name>
      </input_file>
      <input_file id="fl-1aa">
         <path>C:\ti\ccsv6\tools\compiler\ti-cgt-arm_5.2.5\lib\</path>
         <kind>archive</kind>
         <file>rtsv7M4_T_le_v4SPD16_eabi.lib</file>
         <name>errno.obj</name>
      </input_file>
      <input_file id="fl-1ab">
         <path>C:\ti\ccsv6\tools\compiler\ti-cgt-arm_5.2.5\lib\</path>
         <kind>archive</kind>
         <file>rtsv7M4_T_le_v4SPD16_eabi.lib</file>
         <name>feraiseexcept.obj</name>
      </input_file>
      <input_file id="fl-1ac">
         <path>C:\ti\ccsv6\tools\compiler\ti-cgt-arm_5.2.5\lib\</path>
         <kind>archive</kind>
         <file>rtsv7M4_T_le_v4SPD16_eabi.lib</file>
         <name>raise.obj</name>
      </input_file>
      <input_file id="fl-1ad">
         <path>C:\ti\ccsv6\tools\compiler\ti-cgt-arm_5.2.5\lib\</path>
         <kind>archive</kind>
         <file>rtsv7M4_T_le_v4SPD16_eabi.lib</file>
         <name>signal.obj</name>
      </input_file>
      <input_file id="fl-1ae">
         <path>C:\ti\ccsv6\tools\compiler\ti-cgt-arm_5.2.5\lib\</path>
         <kind>archive</kind>
         <file>rtsv7M4_T_le_v4SPD16_eabi.lib</file>
         <name>xdnorm.obj</name>
      </input_file>
   </input_file_list>
   <object_component_list>
      <object_component id="oc-f">
         <name>.intvecs</name>
         <load_address>0x0</load_address>
         <run_address>0x0</run_address>
         <size>0x26c</size>
         <input_file_ref idref="fl-8"/>
      </object_component>
      <object_component id="oc-4ca">
         <name>.text</name>
         <load_address>0x26c</load_address>
         <run_address>0x26c</run_address>
         <size>0x2dac</size>
         <input_file_ref idref="fl-1e"/>
      </object_component>
      <object_component id="oc-98">
         <name>.text</name>
         <load_address>0x3018</load_address>
         <run_address>0x3018</run_address>
         <size>0x1adc</size>
         <input_file_ref idref="fl-55"/>
      </object_component>
      <object_component id="oc-251">
         <name>.text</name>
         <load_address>0x4af4</load_address>
         <run_address>0x4af4</run_address>
         <size>0x15b6</size>
         <input_file_ref idref="fl-4f"/>
      </object_component>
      <object_component id="oc-1e9">
         <name>.text</name>
         <load_address>0x60aa</load_address>
         <run_address>0x60aa</run_address>
         <size>0x2</size>
         <input_file_ref idref="fl-19e"/>
      </object_component>
      <object_component id="oc-137">
         <name>.text</name>
         <load_address>0x60ac</load_address>
         <run_address>0x60ac</run_address>
         <size>0x134c</size>
         <input_file_ref idref="fl-27"/>
      </object_component>
      <object_component id="oc-30a">
         <name>.text</name>
         <load_address>0x73f8</load_address>
         <run_address>0x73f8</run_address>
         <size>0x10ba</size>
         <input_file_ref idref="fl-193"/>
      </object_component>
      <object_component id="oc-25d">
         <name>.text</name>
         <load_address>0x84b4</load_address>
         <run_address>0x84b4</run_address>
         <size>0xf20</size>
         <input_file_ref idref="fl-12"/>
      </object_component>
      <object_component id="oc-118">
         <name>.text</name>
         <load_address>0x93d4</load_address>
         <run_address>0x93d4</run_address>
         <size>0xef0</size>
         <input_file_ref idref="fl-49"/>
      </object_component>
      <object_component id="oc-3d5">
         <name>.text</name>
         <load_address>0xa2c4</load_address>
         <run_address>0xa2c4</run_address>
         <size>0xe6c</size>
         <input_file_ref idref="fl-22"/>
      </object_component>
      <object_component id="oc-3b">
         <name>.text</name>
         <load_address>0xb130</load_address>
         <run_address>0xb130</run_address>
         <size>0xd34</size>
         <input_file_ref idref="fl-e"/>
      </object_component>
      <object_component id="oc-3f3">
         <name>.text</name>
         <load_address>0xbe64</load_address>
         <run_address>0xbe64</run_address>
         <size>0xc84</size>
         <input_file_ref idref="fl-f"/>
      </object_component>
      <object_component id="oc-108">
         <name>.text</name>
         <load_address>0xcae8</load_address>
         <run_address>0xcae8</run_address>
         <size>0xb50</size>
         <input_file_ref idref="fl-3d"/>
      </object_component>
      <object_component id="oc-ae">
         <name>.text</name>
         <load_address>0xd638</load_address>
         <run_address>0xd638</run_address>
         <size>0x95c</size>
         <input_file_ref idref="fl-54"/>
      </object_component>
      <object_component id="oc-577">
         <name>.text</name>
         <load_address>0xdf94</load_address>
         <run_address>0xdf94</run_address>
         <size>0x924</size>
         <input_file_ref idref="fl-1c"/>
      </object_component>
      <object_component id="oc-2c0">
         <name>.text</name>
         <load_address>0xe8b8</load_address>
         <run_address>0xe8b8</run_address>
         <size>0x870</size>
         <input_file_ref idref="fl-2"/>
      </object_component>
      <object_component id="oc-e4">
         <name>.text</name>
         <load_address>0xf128</load_address>
         <run_address>0xf128</run_address>
         <size>0x7be</size>
         <input_file_ref idref="fl-30"/>
      </object_component>
      <object_component id="oc-161">
         <name>.text</name>
         <load_address>0xf8e8</load_address>
         <run_address>0xf8e8</run_address>
         <size>0x724</size>
         <input_file_ref idref="fl-5"/>
      </object_component>
      <object_component id="oc-41">
         <name>.text</name>
         <load_address>0x1000c</load_address>
         <run_address>0x1000c</run_address>
         <size>0x6dc</size>
         <input_file_ref idref="fl-3"/>
      </object_component>
      <object_component id="oc-de">
         <name>.text</name>
         <load_address>0x106e8</load_address>
         <run_address>0x106e8</run_address>
         <size>0x65a</size>
         <input_file_ref idref="fl-4c"/>
      </object_component>
      <object_component id="oc-184">
         <name>.text</name>
         <load_address>0x10d44</load_address>
         <run_address>0x10d44</run_address>
         <size>0x5bc</size>
         <input_file_ref idref="fl-56"/>
      </object_component>
      <object_component id="oc-2a5">
         <name>.text</name>
         <load_address>0x11300</load_address>
         <run_address>0x11300</run_address>
         <size>0x560</size>
         <input_file_ref idref="fl-7"/>
      </object_component>
      <object_component id="oc-3cf">
         <name>.text</name>
         <load_address>0x11860</load_address>
         <run_address>0x11860</run_address>
         <size>0x510</size>
         <input_file_ref idref="fl-14"/>
      </object_component>
      <object_component id="oc-f0">
         <name>.text</name>
         <load_address>0x11d70</load_address>
         <run_address>0x11d70</run_address>
         <size>0x4e0</size>
         <input_file_ref idref="fl-4e"/>
      </object_component>
      <object_component id="oc-3c9">
         <name>.text</name>
         <load_address>0x12250</load_address>
         <run_address>0x12250</run_address>
         <size>0x4ae</size>
         <input_file_ref idref="fl-10"/>
      </object_component>
      <object_component id="oc-2b0">
         <name>.text</name>
         <load_address>0x12700</load_address>
         <run_address>0x12700</run_address>
         <size>0x434</size>
         <input_file_ref idref="fl-2f"/>
      </object_component>
      <object_component id="oc-f6">
         <name>.text</name>
         <load_address>0x12b34</load_address>
         <run_address>0x12b34</run_address>
         <size>0x3f0</size>
         <input_file_ref idref="fl-52"/>
      </object_component>
      <object_component id="oc-ea">
         <name>.text</name>
         <load_address>0x12f24</load_address>
         <run_address>0x12f24</run_address>
         <size>0x3c0</size>
         <input_file_ref idref="fl-40"/>
      </object_component>
      <object_component id="oc-282">
         <name>.text</name>
         <load_address>0x132e4</load_address>
         <run_address>0x132e4</run_address>
         <size>0x388</size>
         <input_file_ref idref="fl-25"/>
      </object_component>
      <object_component id="oc-2b6">
         <name>.text</name>
         <load_address>0x1366c</load_address>
         <run_address>0x1366c</run_address>
         <size>0x378</size>
         <input_file_ref idref="fl-9"/>
      </object_component>
      <object_component id="oc-3a8">
         <name>.text</name>
         <load_address>0x139e4</load_address>
         <run_address>0x139e4</run_address>
         <size>0x364</size>
         <input_file_ref idref="fl-6"/>
      </object_component>
      <object_component id="oc-4c3">
         <name>.text</name>
         <load_address>0x13d48</load_address>
         <run_address>0x13d48</run_address>
         <size>0x2f4</size>
         <input_file_ref idref="fl-15"/>
      </object_component>
      <object_component id="oc-27c">
         <name>.text</name>
         <load_address>0x1403c</load_address>
         <run_address>0x1403c</run_address>
         <size>0x2de</size>
         <input_file_ref idref="fl-23"/>
      </object_component>
      <object_component id="oc-426">
         <name>.text</name>
         <load_address>0x1431a</load_address>
         <run_address>0x1431a</run_address>
         <size>0x1f4</size>
         <input_file_ref idref="fl-1a4"/>
      </object_component>
      <object_component id="oc-19b">
         <name>.text</name>
         <load_address>0x14510</load_address>
         <run_address>0x14510</run_address>
         <size>0x1d4</size>
         <input_file_ref idref="fl-57"/>
      </object_component>
      <object_component id="oc-38b">
         <name>.text</name>
         <load_address>0x146e4</load_address>
         <run_address>0x146e4</run_address>
         <size>0x1d2</size>
         <input_file_ref idref="fl-11"/>
      </object_component>
      <object_component id="oc-44a">
         <name>.text</name>
         <load_address>0x148b6</load_address>
         <run_address>0x148b6</run_address>
         <size>0x1b6</size>
         <input_file_ref idref="fl-199"/>
      </object_component>
      <object_component id="oc-123">
         <name>.text</name>
         <load_address>0x14a6c</load_address>
         <run_address>0x14a6c</run_address>
         <size>0x136</size>
         <input_file_ref idref="fl-184"/>
      </object_component>
      <object_component id="oc-17a">
         <name>.text</name>
         <load_address>0x14ba2</load_address>
         <run_address>0x14ba2</run_address>
         <size>0x12a</size>
         <input_file_ref idref="fl-53"/>
      </object_component>
      <object_component id="oc-102">
         <name>.text</name>
         <load_address>0x14ccc</load_address>
         <run_address>0x14ccc</run_address>
         <size>0x128</size>
         <input_file_ref idref="fl-2e"/>
      </object_component>
      <object_component id="oc-35">
         <name>.text</name>
         <load_address>0x14df4</load_address>
         <run_address>0x14df4</run_address>
         <size>0x128</size>
         <input_file_ref idref="fl-58"/>
      </object_component>
      <object_component id="oc-539">
         <name>.text</name>
         <load_address>0x14f1c</load_address>
         <run_address>0x14f1c</run_address>
         <size>0x110</size>
         <input_file_ref idref="fl-1a6"/>
      </object_component>
      <object_component id="oc-430">
         <name>.text</name>
         <load_address>0x1502c</load_address>
         <run_address>0x1502c</run_address>
         <size>0xfc</size>
         <input_file_ref idref="fl-19b"/>
      </object_component>
      <object_component id="oc-29f">
         <name>.text</name>
         <load_address>0x15128</load_address>
         <run_address>0x15128</run_address>
         <size>0xf0</size>
         <input_file_ref idref="fl-d"/>
      </object_component>
      <object_component id="oc-263">
         <name>.text</name>
         <load_address>0x15218</load_address>
         <run_address>0x15218</run_address>
         <size>0xec</size>
         <input_file_ref idref="fl-16"/>
      </object_component>
      <object_component id="oc-30">
         <name>.text</name>
         <load_address>0x15304</load_address>
         <run_address>0x15304</run_address>
         <size>0xd2</size>
         <input_file_ref idref="fl-59"/>
      </object_component>
      <object_component id="oc-257">
         <name>.text</name>
         <load_address>0x153d6</load_address>
         <run_address>0x153d6</run_address>
         <size>0xc8</size>
         <input_file_ref idref="fl-17"/>
      </object_component>
      <object_component id="oc-5bd">
         <name>.text</name>
         <load_address>0x1549e</load_address>
         <run_address>0x1549e</run_address>
         <size>0xbe</size>
         <input_file_ref idref="fl-1ae"/>
      </object_component>
      <object_component id="oc-405">
         <name>.text</name>
         <load_address>0x1555c</load_address>
         <run_address>0x1555c</run_address>
         <size>0xac</size>
         <input_file_ref idref="fl-c"/>
      </object_component>
      <object_component id="oc-50">
         <name>.text</name>
         <load_address>0x15608</load_address>
         <run_address>0x15608</run_address>
         <size>0x9c</size>
         <input_file_ref idref="fl-187"/>
      </object_component>
      <object_component id="oc-42b">
         <name>.text:__aeabi_cdcmple</name>
         <load_address>0x156a4</load_address>
         <run_address>0x156a4</run_address>
         <size>0x86</size>
         <input_file_ref idref="fl-19a"/>
      </object_component>
      <object_component id="oc-435">
         <name>.text:__aeabi_cdrcmple</name>
         <load_address>0x1572a</load_address>
         <run_address>0x1572a</run_address>
         <size>0x86</size>
         <input_file_ref idref="fl-19a"/>
      </object_component>
      <object_component id="oc-69">
         <name>.text</name>
         <load_address>0x157b0</load_address>
         <run_address>0x157b0</run_address>
         <size>0x7a</size>
         <input_file_ref idref="fl-188"/>
      </object_component>
      <object_component id="oc-7b">
         <name>.text</name>
         <load_address>0x1582c</load_address>
         <run_address>0x1582c</run_address>
         <size>0x6c</size>
         <input_file_ref idref="fl-196"/>
      </object_component>
      <object_component id="oc-5c">
         <name>.text</name>
         <load_address>0x15898</load_address>
         <run_address>0x15898</run_address>
         <size>0x6a</size>
         <input_file_ref idref="fl-181"/>
      </object_component>
      <object_component id="oc-4b0">
         <name>.text</name>
         <load_address>0x15904</load_address>
         <run_address>0x15904</run_address>
         <size>0x68</size>
         <input_file_ref idref="fl-4"/>
      </object_component>
      <object_component id="oc-531">
         <name>.text</name>
         <load_address>0x1596c</load_address>
         <run_address>0x1596c</run_address>
         <size>0x66</size>
         <input_file_ref idref="fl-1a7"/>
      </object_component>
      <object_component id="oc-18a">
         <name>.text</name>
         <load_address>0x159d4</load_address>
         <run_address>0x159d4</run_address>
         <size>0x64</size>
         <input_file_ref idref="fl-b"/>
      </object_component>
      <object_component id="oc-1af">
         <name>.text</name>
         <load_address>0x15a38</load_address>
         <run_address>0x15a38</run_address>
         <size>0x60</size>
         <input_file_ref idref="fl-18a"/>
      </object_component>
      <object_component id="oc-43f">
         <name>.text</name>
         <load_address>0x15a98</load_address>
         <run_address>0x15a98</run_address>
         <size>0x56</size>
         <input_file_ref idref="fl-1a1"/>
      </object_component>
      <object_component id="oc-455">
         <name>.text</name>
         <load_address>0x15aee</load_address>
         <run_address>0x15aee</run_address>
         <size>0x52</size>
         <input_file_ref idref="fl-1a0"/>
      </object_component>
      <object_component id="oc-24">
         <name>.text</name>
         <load_address>0x15b40</load_address>
         <run_address>0x15b40</run_address>
         <size>0x50</size>
         <input_file_ref idref="fl-17f"/>
      </object_component>
      <object_component id="oc-3bc">
         <name>.text</name>
         <load_address>0x15b90</load_address>
         <run_address>0x15b90</run_address>
         <size>0x50</size>
         <input_file_ref idref="fl-186"/>
      </object_component>
      <object_component id="oc-46d">
         <name>.text</name>
         <load_address>0x15be0</load_address>
         <run_address>0x15be0</run_address>
         <size>0x4c</size>
         <input_file_ref idref="fl-195"/>
      </object_component>
      <object_component id="oc-159">
         <name>.text</name>
         <load_address>0x15c2c</load_address>
         <run_address>0x15c2c</run_address>
         <size>0x4c</size>
         <input_file_ref idref="fl-197"/>
      </object_component>
      <object_component id="oc-43a">
         <name>.text</name>
         <load_address>0x15c78</load_address>
         <run_address>0x15c78</run_address>
         <size>0x48</size>
         <input_file_ref idref="fl-19c"/>
      </object_component>
      <object_component id="oc-87">
         <name>.text</name>
         <load_address>0x15cc0</load_address>
         <run_address>0x15cc0</run_address>
         <size>0x44</size>
         <input_file_ref idref="fl-183"/>
      </object_component>
      <object_component id="oc-128">
         <name>.text</name>
         <load_address>0x15d04</load_address>
         <run_address>0x15d04</run_address>
         <size>0x44</size>
         <input_file_ref idref="fl-185"/>
      </object_component>
      <object_component id="oc-639">
         <name>.text</name>
         <load_address>0x15d48</load_address>
         <run_address>0x15d48</run_address>
         <size>0x40</size>
         <input_file_ref idref="fl-1ad"/>
      </object_component>
      <object_component id="oc-c4">
         <name>.text</name>
         <load_address>0x15d88</load_address>
         <run_address>0x15d88</run_address>
         <size>0x40</size>
         <input_file_ref idref="fl-190"/>
      </object_component>
      <object_component id="oc-201">
         <name>.text</name>
         <load_address>0x15dc8</load_address>
         <run_address>0x15dc8</run_address>
         <size>0x3e</size>
         <input_file_ref idref="fl-34"/>
      </object_component>
      <object_component id="oc-5cc">
         <name>.text</name>
         <load_address>0x15e08</load_address>
         <run_address>0x15e08</run_address>
         <size>0x34</size>
         <input_file_ref idref="fl-1ab"/>
      </object_component>
      <object_component id="oc-461">
         <name>.text</name>
         <load_address>0x15e3c</load_address>
         <run_address>0x15e3c</run_address>
         <size>0x30</size>
         <input_file_ref idref="fl-1a5"/>
      </object_component>
      <object_component id="oc-53f">
         <name>.text</name>
         <load_address>0x15e6c</load_address>
         <run_address>0x15e6c</run_address>
         <size>0x30</size>
         <input_file_ref idref="fl-1a8"/>
      </object_component>
      <object_component id="oc-445">
         <name>.text</name>
         <load_address>0x15e9c</load_address>
         <run_address>0x15e9c</run_address>
         <size>0x2e</size>
         <input_file_ref idref="fl-19f"/>
      </object_component>
      <object_component id="oc-625">
         <name>.text</name>
         <load_address>0x15eca</load_address>
         <run_address>0x15eca</run_address>
         <size>0x2e</size>
         <input_file_ref idref="fl-1ac"/>
      </object_component>
      <object_component id="oc-2a">
         <name>.text</name>
         <load_address>0x15ef8</load_address>
         <run_address>0x15ef8</run_address>
         <size>0x2c</size>
         <input_file_ref idref="fl-8"/>
      </object_component>
      <object_component id="oc-44f">
         <name>.text</name>
         <load_address>0x15f24</load_address>
         <run_address>0x15f24</run_address>
         <size>0x2a</size>
         <input_file_ref idref="fl-19d"/>
      </object_component>
      <object_component id="oc-3f9">
         <name>.text</name>
         <load_address>0x15f4e</load_address>
         <run_address>0x15f4e</run_address>
         <size>0x26</size>
         <input_file_ref idref="fl-18f"/>
      </object_component>
      <object_component id="oc-192">
         <name>.text:GetOverflowCounts</name>
         <load_address>0x15f74</load_address>
         <run_address>0x15f74</run_address>
         <size>0x24</size>
         <input_file_ref idref="fl-b"/>
      </object_component>
      <object_component id="oc-47">
         <name>.text</name>
         <load_address>0x15f98</load_address>
         <run_address>0x15f98</run_address>
         <size>0x24</size>
         <input_file_ref idref="fl-28"/>
      </object_component>
      <object_component id="oc-11e">
         <name>.text</name>
         <load_address>0x15fbc</load_address>
         <run_address>0x15fbc</run_address>
         <size>0x20</size>
         <input_file_ref idref="fl-191"/>
      </object_component>
      <object_component id="oc-467">
         <name>.text</name>
         <load_address>0x15fdc</load_address>
         <run_address>0x15fdc</run_address>
         <size>0x1c</size>
         <input_file_ref idref="fl-1a2"/>
      </object_component>
      <object_component id="oc-81">
         <name>.text</name>
         <load_address>0x15ff8</load_address>
         <run_address>0x15ff8</run_address>
         <size>0x18</size>
         <input_file_ref idref="fl-194"/>
      </object_component>
      <object_component id="oc-51d">
         <name>.text</name>
         <load_address>0x16010</load_address>
         <run_address>0x16010</run_address>
         <size>0x18</size>
         <input_file_ref idref="fl-18c"/>
      </object_component>
      <object_component id="oc-45b">
         <name>.text</name>
         <load_address>0x16028</load_address>
         <run_address>0x16028</run_address>
         <size>0x16</size>
         <input_file_ref idref="fl-1a3"/>
      </object_component>
      <object_component id="oc-2d4">
         <name>.text</name>
         <load_address>0x16040</load_address>
         <run_address>0x16040</run_address>
         <size>0x14</size>
         <input_file_ref idref="fl-192"/>
      </object_component>
      <object_component id="oc-1a3">
         <name>.text</name>
         <load_address>0x16054</load_address>
         <run_address>0x16054</run_address>
         <size>0x14</size>
         <input_file_ref idref="fl-18d"/>
      </object_component>
      <object_component id="oc-1a9">
         <name>.text</name>
         <load_address>0x16068</load_address>
         <run_address>0x16068</run_address>
         <size>0x14</size>
         <input_file_ref idref="fl-18e"/>
      </object_component>
      <object_component id="oc-12">
         <name>.text:decompress:none</name>
         <load_address>0x1607c</load_address>
         <run_address>0x1607c</run_address>
         <size>0xe</size>
         <input_file_ref idref="fl-180"/>
      </object_component>
      <object_component id="oc-1e">
         <name>.text:decompress:ZI</name>
         <load_address>0x1608a</load_address>
         <run_address>0x1608a</run_address>
         <size>0xc</size>
         <input_file_ref idref="fl-182"/>
      </object_component>
      <object_component id="oc-249">
         <name>.text:SysCtlDelay</name>
         <load_address>0x16096</load_address>
         <run_address>0x16096</run_address>
         <size>0x6</size>
         <input_file_ref idref="fl-49"/>
      </object_component>
      <object_component id="oc-18">
         <name>.text:decompress:rle24</name>
         <load_address>0x1609c</load_address>
         <run_address>0x1609c</run_address>
         <size>0x6</size>
         <input_file_ref idref="fl-181"/>
      </object_component>
      <object_component id="oc-75">
         <name>.text</name>
         <load_address>0x160a2</load_address>
         <run_address>0x160a2</run_address>
         <size>0x4</size>
         <input_file_ref idref="fl-189"/>
      </object_component>
      <object_component id="oc-518">
         <name>.const:.string</name>
         <load_address>0x160a8</load_address>
         <run_address>0x160a8</run_address>
         <size>0x202</size>
         <input_file_ref idref="fl-2"/>
      </object_component>
      <object_component id="oc-560">
         <name>.const:crctttab</name>
         <load_address>0x162aa</load_address>
         <run_address>0x162aa</run_address>
         <size>0x200</size>
         <input_file_ref idref="fl-4"/>
      </object_component>
      <object_component id="oc-2fb">
         <name>.const</name>
         <load_address>0x164aa</load_address>
         <run_address>0x164aa</run_address>
         <size>0x2</size>
         <input_file_ref idref="fl-57"/>
      </object_component>
      <object_component id="oc-243">
         <name>.const:g_pppui32XTALtoVCO</name>
         <load_address>0x164ac</load_address>
         <run_address>0x164ac</run_address>
         <size>0x120</size>
         <input_file_ref idref="fl-49"/>
      </object_component>
      <object_component id="oc-54d">
         <name>.const:.string:_ctypes_</name>
         <load_address>0x165cc</load_address>
         <run_address>0x165cc</run_address>
         <size>0x101</size>
         <input_file_ref idref="fl-198"/>
      </object_component>
      <object_component id="oc-229">
         <name>.const:g_ppui32GPIOIntMapBlizzard</name>
         <load_address>0x166d0</load_address>
         <run_address>0x166d0</run_address>
         <size>0xc0</size>
         <input_file_ref idref="fl-3d"/>
      </object_component>
      <object_component id="oc-22f">
         <name>.const:g_ppui32GPIOIntMapSnowflake</name>
         <load_address>0x16790</load_address>
         <run_address>0x16790</run_address>
         <size>0xc0</size>
         <input_file_ref idref="fl-3d"/>
      </object_component>
      <object_component id="oc-20d">
         <name>.const:g_pui32Regs</name>
         <load_address>0x16850</load_address>
         <run_address>0x16850</run_address>
         <size>0x9c</size>
         <input_file_ref idref="fl-40"/>
      </object_component>
      <object_component id="oc-232">
         <name>.const:g_pui32GPIOBaseAddrs</name>
         <load_address>0x168ec</load_address>
         <run_address>0x168ec</run_address>
         <size>0x90</size>
         <input_file_ref idref="fl-3d"/>
      </object_component>
      <object_component id="oc-20a">
         <name>.const</name>
         <load_address>0x1697c</load_address>
         <run_address>0x1697c</run_address>
         <size>0x70</size>
         <input_file_ref idref="fl-40"/>
      </object_component>
      <object_component id="oc-240">
         <name>.const:g_pui32Xtals</name>
         <load_address>0x169ec</load_address>
         <run_address>0x169ec</run_address>
         <size>0x6c</size>
         <input_file_ref idref="fl-49"/>
      </object_component>
      <object_component id="oc-1f2">
         <name>.const:g_ppui32TimerIntMap</name>
         <load_address>0x16a58</load_address>
         <run_address>0x16a58</run_address>
         <size>0x60</size>
         <input_file_ref idref="fl-4c"/>
      </object_component>
      <object_component id="oc-4da">
         <name>.const</name>
         <load_address>0x16ab8</load_address>
         <run_address>0x16ab8</run_address>
         <size>0x58</size>
         <input_file_ref idref="fl-22"/>
      </object_component>
      <object_component id="oc-1f8">
         <name>.const:g_ppui32TimerIntMapSnowflake</name>
         <load_address>0x16b10</load_address>
         <run_address>0x16b10</run_address>
         <size>0x40</size>
         <input_file_ref idref="fl-4c"/>
      </object_component>
      <object_component id="oc-3b6">
         <name>.const:remote_fun_array</name>
         <load_address>0x16b50</load_address>
         <run_address>0x16b50</run_address>
         <size>0x40</size>
         <input_file_ref idref="fl-7"/>
      </object_component>
      <object_component id="oc-5a5">
         <name>.const:.string:g_pui8ConfigString</name>
         <load_address>0x16b90</load_address>
         <run_address>0x16b90</run_address>
         <size>0x36</size>
         <input_file_ref idref="fl-a"/>
      </object_component>
      <object_component id="oc-279">
         <name>.const:g_psUSBDStdRequests</name>
         <load_address>0x16bc8</load_address>
         <run_address>0x16bc8</run_address>
         <size>0x34</size>
         <input_file_ref idref="fl-27"/>
      </object_component>
      <object_component id="oc-509">
         <name>.const:g_psDaysToMonth</name>
         <load_address>0x16bfc</load_address>
         <run_address>0x16bfc</run_address>
         <size>0x30</size>
         <input_file_ref idref="fl-f"/>
      </object_component>
      <object_component id="oc-4d7">
         <name>.const:g_sCDCHandlers</name>
         <load_address>0x16c2c</load_address>
         <run_address>0x16c2c</run_address>
         <size>0x30</size>
         <input_file_ref idref="fl-22"/>
      </object_component>
      <object_component id="oc-23d">
         <name>.const:g_sXTALtoMEMTIM</name>
         <load_address>0x16c5c</load_address>
         <run_address>0x16c5c</run_address>
         <size>0x30</size>
         <input_file_ref idref="fl-49"/>
      </object_component>
      <object_component id="oc-58d">
         <name>.const:.string</name>
         <load_address>0x16c8c</load_address>
         <run_address>0x16c8c</run_address>
         <size>0x2e</size>
         <input_file_ref idref="fl-22"/>
      </object_component>
      <object_component id="oc-5a2">
         <name>.const:.string:g_pui8ControlInterfaceString</name>
         <load_address>0x16cba</load_address>
         <run_address>0x16cba</run_address>
         <size>0x2c</size>
         <input_file_ref idref="fl-a"/>
      </object_component>
      <object_component id="oc-b7">
         <name>.const</name>
         <load_address>0x16ce8</load_address>
         <run_address>0x16ce8</run_address>
         <size>0x28</size>
         <input_file_ref idref="fl-e"/>
      </object_component>
      <object_component id="oc-59c">
         <name>.const:.string:g_pui8ManufacturerString</name>
         <load_address>0x16d10</load_address>
         <run_address>0x16d10</run_address>
         <size>0x24</size>
         <input_file_ref idref="fl-a"/>
      </object_component>
      <object_component id="oc-58a">
         <name>.const:.string:g_pui8CDCSerCommInterface</name>
         <load_address>0x16d34</load_address>
         <run_address>0x16d34</run_address>
         <size>0x23</size>
         <input_file_ref idref="fl-22"/>
      </object_component>
      <object_component id="oc-59f">
         <name>.const:.string:g_pui8ProductString</name>
         <load_address>0x16d57</load_address>
         <run_address>0x16d57</run_address>
         <size>0x22</size>
         <input_file_ref idref="fl-a"/>
      </object_component>
      <object_component id="oc-506">
         <name>.const</name>
         <load_address>0x16d7c</load_address>
         <run_address>0x16d7c</run_address>
         <size>0x1c</size>
         <input_file_ref idref="fl-f"/>
      </object_component>
      <object_component id="oc-501">
         <name>.const</name>
         <load_address>0x16d98</load_address>
         <run_address>0x16d98</run_address>
         <size>0x18</size>
         <input_file_ref idref="fl-a"/>
      </object_component>
      <object_component id="oc-599">
         <name>.const:.string</name>
         <load_address>0x16db0</load_address>
         <run_address>0x16db0</run_address>
         <size>0x16</size>
         <input_file_ref idref="fl-a"/>
      </object_component>
      <object_component id="oc-1db">
         <name>.const:.string</name>
         <load_address>0x16dc8</load_address>
         <run_address>0x16dc8</run_address>
         <size>0x12</size>
         <input_file_ref idref="fl-e"/>
      </object_component>
      <object_component id="oc-5aa">
         <name>.const:.string</name>
         <load_address>0x16ddc</load_address>
         <run_address>0x16ddc</run_address>
         <size>0x12</size>
         <input_file_ref idref="fl-f"/>
      </object_component>
      <object_component id="oc-22c">
         <name>.const</name>
         <load_address>0x16df0</load_address>
         <run_address>0x16df0</run_address>
         <size>0x8</size>
         <input_file_ref idref="fl-3d"/>
      </object_component>
      <object_component id="oc-246">
         <name>.const</name>
         <load_address>0x16df8</load_address>
         <run_address>0x16df8</run_address>
         <size>0x8</size>
         <input_file_ref idref="fl-49"/>
      </object_component>
      <object_component id="oc-1f5">
         <name>.const</name>
         <load_address>0x16e00</load_address>
         <run_address>0x16e00</run_address>
         <size>0x8</size>
         <input_file_ref idref="fl-4c"/>
      </object_component>
      <object_component id="oc-95">
         <name>.const</name>
         <load_address>0x16e08</load_address>
         <run_address>0x16e08</run_address>
         <size>0x4</size>
         <input_file_ref idref="fl-58"/>
      </object_component>
      <object_component id="oc-680">
         <name>.cinit..data.load</name>
         <load_address>0x16e10</load_address>
         <run_address>0x16e10</run_address>
         <size>0x202</size>
      </object_component>
      <object_component id="oc-67d">
         <name>__TI_handler_table</name>
         <load_address>0x17014</load_address>
         <run_address>0x17014</run_address>
         <size>0xc</size>
      </object_component>
      <object_component id="oc-681">
         <name>.cinit..bss.load</name>
         <load_address>0x17020</load_address>
         <run_address>0x17020</run_address>
         <size>0x8</size>
      </object_component>
      <object_component id="oc-67f">
         <name>.cinit..vtable.load</name>
         <load_address>0x17028</load_address>
         <run_address>0x17028</run_address>
         <size>0x8</size>
      </object_component>
      <object_component id="oc-67e">
         <name>__TI_cinit_table</name>
         <load_address>0x17030</load_address>
         <run_address>0x17030</run_address>
         <size>0x18</size>
      </object_component>
      <object_component id="oc-207">
         <name>.vtable</name>
         <uninitialized>true</uninitialized>
         <run_address>0x20000000</run_address>
         <size>0x26c</size>
         <input_file_ref idref="fl-40"/>
      </object_component>
      <object_component id="oc-29">
         <name>.stack</name>
         <uninitialized>true</uninitialized>
         <run_address>0x2000799c</run_address>
         <size>0x0</size>
         <input_file_ref idref="fl-17f"/>
      </object_component>
      <object_component id="oc-682">
         <name>.stack</name>
         <uninitialized>true</uninitialized>
         <run_address>0x2000799c</run_address>
         <size>0x0</size>
      </object_component>
      <object_component id="oc-402">
         <name>.bss:frame</name>
         <uninitialized>true</uninitialized>
         <run_address>0x2000725c</run_address>
         <size>0x50</size>
         <input_file_ref idref="fl-2"/>
      </object_component>
      <object_component id="oc-ff">
         <name>.bss:canal_17</name>
         <uninitialized>true</uninitialized>
         <run_address>0x20006800</run_address>
         <size>0x200</size>
         <input_file_ref idref="fl-3"/>
      </object_component>
      <object_component id="oc-10e">
         <name>.bss:canal_27</name>
         <uninitialized>true</uninitialized>
         <run_address>0x20006a00</run_address>
         <size>0x200</size>
         <input_file_ref idref="fl-3"/>
      </object_component>
      <object_component id="oc-111">
         <name>.bss:destino</name>
         <uninitialized>true</uninitialized>
         <run_address>0x20005acc</run_address>
         <size>0x400</size>
         <input_file_ref idref="fl-3"/>
      </object_component>
      <object_component id="oc-114">
         <name>.bss:ui8ControlTable</name>
         <uninitialized>true</uninitialized>
         <run_address>0x20006400</run_address>
         <size>0x400</size>
         <input_file_ref idref="fl-3"/>
      </object_component>
      <object_component id="oc-3b1">
         <name>.bss:frame</name>
         <uninitialized>true</uninitialized>
         <run_address>0x200072ac</run_address>
         <size>0x50</size>
         <input_file_ref idref="fl-7"/>
      </object_component>
      <object_component id="oc-4e4">
         <name>.bss:g_pui8USBRxBuffer</name>
         <uninitialized>true</uninitialized>
         <run_address>0x20006f40</run_address>
         <size>0x100</size>
         <input_file_ref idref="fl-a"/>
      </object_component>
      <object_component id="oc-4fc">
         <name>.bss:g_pui8USBTxBuffer</name>
         <uninitialized>true</uninitialized>
         <run_address>0x20007040</run_address>
         <size>0x100</size>
         <input_file_ref idref="fl-a"/>
      </object_component>
      <object_component id="oc-523">
         <name>.bss:g_ppcArgv</name>
         <uninitialized>true</uninitialized>
         <run_address>0x200063dc</run_address>
         <size>0x24</size>
         <input_file_ref idref="fl-c"/>
      </object_component>
      <object_component id="oc-bd">
         <name>.bss:g_pcUARTTxBuffer</name>
         <uninitialized>true</uninitialized>
         <run_address>0x20005ecc</run_address>
         <size>0x400</size>
         <input_file_ref idref="fl-e"/>
      </object_component>
      <object_component id="oc-c1">
         <name>.bss:g_pcUARTRxBuffer</name>
         <uninitialized>true</uninitialized>
         <run_address>0x200071dc</run_address>
         <size>0x80</size>
         <input_file_ref idref="fl-e"/>
      </object_component>
      <object_component id="oc-cb">
         <name>.bss:g_pcUARTRxHistoryBuffer</name>
         <uninitialized>true</uninitialized>
         <run_address>0x20006c00</run_address>
         <size>0x200</size>
         <input_file_ref idref="fl-e"/>
      </object_component>
      <object_component id="oc-369">
         <name>.bss:g_psUSBDMAInst</name>
         <uninitialized>true</uninitialized>
         <run_address>0x200062cc</run_address>
         <size>0x110</size>
         <input_file_ref idref="fl-12"/>
      </object_component>
      <object_component id="oc-5f4">
         <name>.bss:g_sRootHub</name>
         <uninitialized>true</uninitialized>
         <run_address>0x20007140</run_address>
         <size>0x9c</size>
         <input_file_ref idref="fl-1c"/>
      </object_component>
      <object_component id="oc-56e">
         <name>.bss:g_sUSBHCD</name>
         <uninitialized>true</uninitialized>
         <run_address>0x20005400</run_address>
         <size>0x6cc</size>
         <input_file_ref idref="fl-1e"/>
      </object_component>
      <object_component id="oc-276">
         <name>.bss:g_pui8DataBufferIn</name>
         <uninitialized>true</uninitialized>
         <run_address>0x2000739c</run_address>
         <size>0x40</size>
         <input_file_ref idref="fl-27"/>
      </object_component>
      <object_component id="oc-269">
         <name>.bss:g_psDCDInst</name>
         <uninitialized>true</uninitialized>
         <run_address>0x200072fc</run_address>
         <size>0x50</size>
         <input_file_ref idref="fl-27"/>
      </object_component>
      <object_component id="oc-1cf">
         <name>.bss:xQueueRegistry</name>
         <uninitialized>true</uninitialized>
         <run_address>0x2000734c</run_address>
         <size>0x50</size>
         <input_file_ref idref="fl-54"/>
      </object_component>
      <object_component id="oc-180">
         <name>.bss:pxReadyTasksLists</name>
         <uninitialized>true</uninitialized>
         <run_address>0x20006e00</run_address>
         <size>0x140</size>
         <input_file_ref idref="fl-55"/>
      </object_component>
      <object_component id="oc-302">
         <name>.bss:ucHeap</name>
         <uninitialized>true</uninitialized>
         <run_address>0x20000400</run_address>
         <size>0x5000</size>
         <input_file_ref idref="fl-57"/>
      </object_component>
      <object_component id="oc-fc">
         <name>.common:cola_adc</name>
         <uninitialized>true</uninitialized>
         <run_address>0x20007510</run_address>
         <size>0x4</size>
      </object_component>
      <object_component id="oc-12d">
         <name>.common:cola_boton</name>
         <uninitialized>true</uninitialized>
         <run_address>0x20007514</run_address>
         <size>0x4</size>
      </object_component>
      <object_component id="oc-117">
         <name>.common:FlagsEventos</name>
         <uninitialized>true</uninitialized>
         <run_address>0x2000750c</run_address>
         <size>0x4</size>
      </object_component>
      <object_component id="oc-2af">
         <name>.common:orig</name>
         <uninitialized>true</uninitialized>
         <run_address>0x2000757c</run_address>
         <size>0x2</size>
      </object_component>
      <object_component id="oc-2ac">
         <name>.common:g_ui32CPUUsage</name>
         <uninitialized>true</uninitialized>
         <run_address>0x20007524</run_address>
         <size>0x4</size>
      </object_component>
      <object_component id="oc-2bc">
         <name>.common:g_ulSystemClock</name>
         <uninitialized>true</uninitialized>
         <run_address>0x2000754c</run_address>
         <size>0x4</size>
      </object_component>
      <object_component id="oc-2c6">
         <name>.common:mutex</name>
         <uninitialized>true</uninitialized>
         <run_address>0x20007554</run_address>
         <size>0x4</size>
      </object_component>
      <object_component id="oc-3b4">
         <name>.common:ok</name>
         <uninitialized>true</uninitialized>
         <run_address>0x20007580</run_address>
         <size>0x1</size>
      </object_component>
      <object_component id="oc-3b5">
         <name>.common:rgb</name>
         <uninitialized>true</uninitialized>
         <run_address>0x20007568</run_address>
         <size>0x4</size>
      </object_component>
      <object_component id="oc-2bd">
         <name>.common:ui32Period2</name>
         <uninitialized>true</uninitialized>
         <run_address>0x2000756c</run_address>
         <size>0x4</size>
      </object_component>
      <object_component id="oc-3de">
         <name>.common:xRxedChars</name>
         <uninitialized>true</uninitialized>
         <run_address>0x20007578</run_address>
         <size>0x4</size>
      </object_component>
      <object_component id="oc-3e7">
         <name>.common:xCharsForTx</name>
         <uninitialized>true</uninitialized>
         <run_address>0x20007574</run_address>
         <size>0x4</size>
      </object_component>
      <object_component id="oc-3a2">
         <name>.common:g_ui32CPUUsageTimer</name>
         <uninitialized>true</uninitialized>
         <run_address>0x20007530</run_address>
         <size>0x4</size>
      </object_component>
      <object_component id="oc-3a6">
         <name>.common:g_ui32CPUUsageTicks</name>
         <uninitialized>true</uninitialized>
         <run_address>0x2000752c</run_address>
         <size>0x4</size>
      </object_component>
      <object_component id="oc-3a5">
         <name>.common:g_ui32CPUUsagePrevious</name>
         <uninitialized>true</uninitialized>
         <run_address>0x20007528</run_address>
         <size>0x4</size>
      </object_component>
      <object_component id="oc-c9">
         <name>.common:g_bDisableEcho</name>
         <uninitialized>true</uninitialized>
         <run_address>0x2000757e</run_address>
         <size>0x1</size>
      </object_component>
      <object_component id="oc-ca">
         <name>.common:g_usUARTRxHistoryOffset</name>
         <uninitialized>true</uninitialized>
         <run_address>0x200073dc</run_address>
         <size>0x20</size>
      </object_component>
      <object_component id="oc-ba">
         <name>.common:g_ui32PortNum</name>
         <uninitialized>true</uninitialized>
         <run_address>0x20007540</run_address>
         <size>0x4</size>
      </object_component>
      <object_component id="oc-c0">
         <name>.common:g_xRxLineSemaphore</name>
         <uninitialized>true</uninitialized>
         <run_address>0x20007550</run_address>
         <size>0x4</size>
      </object_component>
      <object_component id="oc-4d1">
         <name>.common:g_pfnUSBModeCallback</name>
         <uninitialized>true</uninitialized>
         <run_address>0x20007518</run_address>
         <size>0x4</size>
      </object_component>
      <object_component id="oc-4d0">
         <name>.common:g_ui32PollRate</name>
         <uninitialized>true</uninitialized>
         <run_address>0x2000753c</run_address>
         <size>0x4</size>
      </object_component>
      <object_component id="oc-4d2">
         <name>.common:g_eOTGModeState</name>
         <uninitialized>true</uninitialized>
         <run_address>0x2000757f</run_address>
         <size>0x1</size>
      </object_component>
      <object_component id="oc-36e">
         <name>.common:g_pfnTickHandlers</name>
         <uninitialized>true</uninitialized>
         <run_address>0x200073fc</run_address>
         <size>0x18</size>
      </object_component>
      <object_component id="oc-371">
         <name>.common:g_pvTickInstance</name>
         <uninitialized>true</uninitialized>
         <run_address>0x20007444</run_address>
         <size>0x18</size>
      </object_component>
      <object_component id="oc-5fa">
         <name>.common:g_ui32ChangeFlags</name>
         <uninitialized>true</uninitialized>
         <run_address>0x20007534</run_address>
         <size>0x4</size>
      </object_component>
      <object_component id="oc-5f7">
         <name>.common:g_ui32HubChanges</name>
         <uninitialized>true</uninitialized>
         <run_address>0x20007538</run_address>
         <size>0x4</size>
      </object_component>
      <object_component id="oc-57e">
         <name>.common:g_ui32ULPISupport</name>
         <uninitialized>true</uninitialized>
         <run_address>0x20007548</run_address>
         <size>0x4</size>
      </object_component>
      <object_component id="oc-57d">
         <name>.common:g_pi32USBHActiveDriver</name>
         <uninitialized>true</uninitialized>
         <run_address>0x20007414</run_address>
         <size>0x18</size>
      </object_component>
      <object_component id="oc-57f">
         <name>.common:g_ppvDriverInstance</name>
         <uninitialized>true</uninitialized>
         <run_address>0x2000742c</run_address>
         <size>0x18</size>
      </object_component>
      <object_component id="oc-571">
         <name>.common:g_pui32Alloc</name>
         <uninitialized>true</uninitialized>
         <run_address>0x200074f4</run_address>
         <size>0x8</size>
      </object_component>
      <object_component id="oc-275">
         <name>.common:g_ui32ULPISupport</name>
         <uninitialized>true</uninitialized>
         <run_address>0x20007544</run_address>
         <size>0x4</size>
      </object_component>
      <object_component id="oc-26c">
         <name>.common:g_ppsDevInfo</name>
         <uninitialized>true</uninitialized>
         <run_address>0x2000751c</run_address>
         <size>0x4</size>
      </object_component>
      <object_component id="oc-3c2">
         <name>.common:g_ui32Colors</name>
         <uninitialized>true</uninitialized>
         <run_address>0x200074e8</run_address>
         <size>0xc</size>
      </object_component>
      <object_component id="oc-3c1">
         <name>.common:ulFlags$1</name>
         <uninitialized>true</uninitialized>
         <run_address>0x20007570</run_address>
         <size>0x4</size>
      </object_component>
      <object_component id="oc-1fd">
         <name>.common:g_pui8OversampleFactor</name>
         <uninitialized>true</uninitialized>
         <run_address>0x20007520</run_address>
         <size>0x4</size>
      </object_component>
      <object_component id="oc-1a1">
         <name>.common:xDelayedTaskList1</name>
         <uninitialized>true</uninitialized>
         <run_address>0x20007484</run_address>
         <size>0x14</size>
      </object_component>
      <object_component id="oc-1a2">
         <name>.common:xDelayedTaskList2</name>
         <uninitialized>true</uninitialized>
         <run_address>0x20007498</run_address>
         <size>0x14</size>
      </object_component>
      <object_component id="oc-199">
         <name>.common:pxDelayedTaskList</name>
         <uninitialized>true</uninitialized>
         <run_address>0x2000755c</run_address>
         <size>0x4</size>
      </object_component>
      <object_component id="oc-19a">
         <name>.common:pxOverflowDelayedTaskList</name>
         <uninitialized>true</uninitialized>
         <run_address>0x20007560</run_address>
         <size>0x4</size>
      </object_component>
      <object_component id="oc-191">
         <name>.common:xPendingReadyList</name>
         <uninitialized>true</uninitialized>
         <run_address>0x200074ac</run_address>
         <size>0x14</size>
      </object_component>
      <object_component id="oc-183">
         <name>.common:xTasksWaitingTermination</name>
         <uninitialized>true</uninitialized>
         <run_address>0x200074d4</run_address>
         <size>0x14</size>
      </object_component>
      <object_component id="oc-190">
         <name>.common:xSuspendedTaskList</name>
         <uninitialized>true</uninitialized>
         <run_address>0x200074c0</run_address>
         <size>0x14</size>
      </object_component>
      <object_component id="oc-2ef">
         <name>.common:xActiveTimerList1</name>
         <uninitialized>true</uninitialized>
         <run_address>0x2000745c</run_address>
         <size>0x14</size>
      </object_component>
      <object_component id="oc-2f0">
         <name>.common:xActiveTimerList2</name>
         <uninitialized>true</uninitialized>
         <run_address>0x20007470</run_address>
         <size>0x14</size>
      </object_component>
      <object_component id="oc-2eb">
         <name>.common:pxCurrentTimerList</name>
         <uninitialized>true</uninitialized>
         <run_address>0x20007558</run_address>
         <size>0x4</size>
      </object_component>
      <object_component id="oc-2ee">
         <name>.common:pxOverflowTimerList</name>
         <uninitialized>true</uninitialized>
         <run_address>0x20007564</run_address>
         <size>0x4</size>
      </object_component>
      <object_component id="oc-2fe">
         <name>.common:xStart</name>
         <uninitialized>true</uninitialized>
         <run_address>0x20007504</run_address>
         <size>0x8</size>
      </object_component>
      <object_component id="oc-301">
         <name>.common:xEnd</name>
         <uninitialized>true</uninitialized>
         <run_address>0x200074fc</run_address>
         <size>0x8</size>
      </object_component>
      <object_component id="oc-3ff">
         <name>.data:g_psCmdTable</name>
         <load_address>0x20007638</load_address>
         <run_address>0x20007638</run_address>
         <size>0x90</size>
         <input_file_ref idref="fl-2"/>
      </object_component>
      <object_component id="oc-12e">
         <name>.data</name>
         <load_address>0x20007806</load_address>
         <run_address>0x20007806</run_address>
         <size>0x1</size>
         <input_file_ref idref="fl-3"/>
      </object_component>
      <object_component id="oc-2ab">
         <name>.data</name>
         <load_address>0x20007807</load_address>
         <run_address>0x20007807</run_address>
         <size>0x1</size>
         <input_file_ref idref="fl-5"/>
      </object_component>
      <object_component id="oc-3ae">
         <name>.data</name>
         <load_address>0x20007988</load_address>
         <run_address>0x20007988</run_address>
         <size>0x4</size>
         <input_file_ref idref="fl-7"/>
      </object_component>
      <object_component id="oc-3e1">
         <name>.data</name>
         <load_address>0x2000792c</load_address>
         <run_address>0x2000792c</run_address>
         <size>0x10</size>
         <input_file_ref idref="fl-9"/>
      </object_component>
[...]
         <object_component_ref idref="oc-98"/>
      </symbol>
      <symbol id="sm-198d">
         <name>vTaskDelete</name>
         <value>0x3133</value>
         <object_component_ref idref="oc-98"/>
      </symbol>
      <symbol id="sm-198e">
         <name>pxCurrentTCB</name>
         <value>0x20007878</value>
         <object_component_ref idref="oc-92"/>
      </symbol>
      <symbol id="sm-198f">
         <name>vTaskNotifyGiveFromISR</name>
         <value>0x49fb</value>
         <object_component_ref idref="oc-98"/>
      </symbol>
      <symbol id="sm-1990">
         <name>vTaskSuspend</name>
         <value>0x346d</value>
         <object_component_ref idref="oc-98"/>
      </symbol>
      <symbol id="sm-1991">
         <name>xTaskGetTickCountFromISR</name>
         <value>0x37fd</value>
         <object_component_ref idref="oc-98"/>
      </symbol>
      <symbol id="sm-1992">
         <name>vTaskResume</name>
         <value>0x3561</value>
         <object_component_ref idref="oc-98"/>
      </symbol>
      <symbol id="sm-1993">
         <name>vTaskPlaceOnEventListRestricted</name>
         <value>0x3bfd</value>
         <object_component_ref idref="oc-98"/>
      </symbol>
      <symbol id="sm-1994">
         <name>vTaskSetTimeOutState</name>
         <value>0x3d5b</value>
         <object_component_ref idref="oc-98"/>
      </symbol>
      <symbol id="sm-1995">
         <name>xTaskIncrementTick</name>
         <value>0x3911</value>
         <object_component_ref idref="oc-98"/>
      </symbol>
      <symbol id="sm-1996">
         <name>vTaskSwitchContext</name>
         <value>0x3a49</value>
         <object_component_ref idref="oc-98"/>
      </symbol>
      <symbol id="sm-1997">
         <name>uxTaskResetEventItemValue</name>
         <value>0x45f5</value>
         <object_component_ref idref="oc-98"/>
      </symbol>
      <symbol id="sm-1998">
         <name>xTaskGetSchedulerState</name>
         <value>0x4269</value>
         <object_component_ref idref="oc-98"/>
      </symbol>
      <symbol id="sm-1999">
         <name>xTaskResumeFromISR</name>
         <value>0x35e3</value>
         <object_component_ref idref="oc-98"/>
      </symbol>
      <symbol id="sm-199a">
         <name>xTaskGetCurrentTaskHandle</name>
         <value>0x424f</value>
         <object_component_ref idref="oc-98"/>
      </symbol>
      <symbol id="sm-199b">
         <name>vTaskPlaceOnUnorderedEventList</name>
         <value>0x3b89</value>
         <object_component_ref idref="oc-98"/>
      </symbol>
      <symbol id="sm-199c">
         <name>xTaskRemoveFromEventList</name>
         <value>0x3c61</value>
         <object_component_ref idref="oc-98"/>
      </symbol>
      <symbol id="sm-1a15">
         <name>xTimerCreateTimerTask</name>
         <value>0x10d45</value>
         <object_component_ref idref="oc-184"/>
      </symbol>
      <symbol id="sm-1a16">
         <name>pcTimerGetTimerName</name>
         <value>0x10e41</value>
         <object_component_ref idref="oc-184"/>
      </symbol>
      <symbol id="sm-1a17">
         <name>xTimerIsTimerActive</name>
         <value>0x11219</value>
         <object_component_ref idref="oc-184"/>
      </symbol>
      <symbol id="sm-1a18">
         <name>xTimerCreate</name>
         <value>0x10d7f</value>
         <object_component_ref idref="oc-184"/>
      </symbol>
      <symbol id="sm-1a19">
         <name>xTimerGenericCommand</name>
         <value>0x10dd3</value>
         <object_component_ref idref="oc-184"/>
      </symbol>
      <symbol id="sm-1a1a">
         <name>pvTimerGetTimerID</name>
         <value>0x11245</value>
         <object_component_ref idref="oc-184"/>
      </symbol>
      <symbol id="sm-1a1b">
         <name>xTimerPendFunctionCallFromISR</name>
         <value>0x11279</value>
         <object_component_ref idref="oc-184"/>
      </symbol>
      <symbol id="sm-1a1c">
         <name>xTimerPendFunctionCall</name>
         <value>0x112af</value>
         <object_component_ref idref="oc-184"/>
      </symbol>
      <symbol id="sm-1a1d">
         <name>vTimerSetTimerID</name>
         <value>0x1125f</value>
         <object_component_ref idref="oc-184"/>
      </symbol>
      <symbol id="sm-1a63">
         <name>vPortInitialiseBlocks</name>
         <value>0x14687</value>
         <object_component_ref idref="oc-19b"/>
      </symbol>
      <symbol id="sm-1a64">
         <name>xPortGetFreeHeapSize</name>
         <value>0x14681</value>
         <object_component_ref idref="oc-19b"/>
      </symbol>
      <symbol id="sm-1a65">
         <name>pvPortMalloc</name>
         <value>0x14511</value>
         <object_component_ref idref="oc-19b"/>
      </symbol>
      <symbol id="sm-1a66">
         <name>vPortFree</name>
         <value>0x1461f</value>
         <object_component_ref idref="oc-19b"/>
      </symbol>
      <symbol id="sm-1a94">
         <name>ulMaxSyscallInterruptPriority</name>
         <value>0x16e08</value>
         <object_component_ref idref="oc-95"/>
      </symbol>
      <symbol id="sm-1a95">
         <name>vPortSetupTimerInterrupt</name>
         <value>0x14eef</value>
         <object_component_ref idref="oc-35"/>
      </symbol>
      <symbol id="sm-1a96">
         <name>vPortEndScheduler</name>
         <value>0x14e91</value>
         <object_component_ref idref="oc-35"/>
      </symbol>
      <symbol id="sm-1a97">
         <name>xPortSysTickHandler</name>
         <value>0x14ec9</value>
         <object_component_ref idref="oc-35"/>
      </symbol>
      <symbol id="sm-1a98">
         <name>pxPortInitialiseStack</name>
         <value>0x14df5</value>
         <object_component_ref idref="oc-35"/>
      </symbol>
      <symbol id="sm-1a99">
         <name>vPortExitCritical</name>
         <value>0x14eb3</value>
         <object_component_ref idref="oc-35"/>
      </symbol>
      <symbol id="sm-1a9a">
         <name>xPortStartScheduler</name>
         <value>0x14e5b</value>
         <object_component_ref idref="oc-35"/>
      </symbol>
      <symbol id="sm-1a9b">
         <name>vPortEnterCritical</name>
         <value>0x14e93</value>
         <object_component_ref idref="oc-35"/>
      </symbol>
      <symbol id="sm-1aaa">
         <name>vPortStartFirstTask</name>
         <value>0x153ad</value>
         <object_component_ref idref="oc-30"/>
      </symbol>
      <symbol id="sm-1aab">
         <name>ulPortGetIPSR</name>
         <value>0x15315</value>
         <object_component_ref idref="oc-30"/>
      </symbol>
      <symbol id="sm-1aac">
         <name>vPortEnableVFP</name>
         <value>0x153c9</value>
         <object_component_ref idref="oc-30"/>
      </symbol>
      <symbol id="sm-1aad">
         <name>xPortPendSVHandler</name>
         <value>0x1532d</value>
         <object_component_ref idref="oc-30"/>
      </symbol>
      <symbol id="sm-1aae">
         <name>vPortSVCHandler</name>
         <value>0x1538d</value>
         <object_component_ref idref="oc-30"/>
      </symbol>
      <symbol id="sm-1ac0">
         <name>_c_int00</name>
         <value>0x15b41</value>
         <object_component_ref idref="oc-24"/>
      </symbol>
      <symbol id="sm-1ac1">
         <name>__stack</name>
         <value>0x2000799c</value>
         <object_component_ref idref="oc-29"/>
      </symbol>
      <symbol id="sm-1ad8">
         <name>__TI_decompress_none</name>
         <value>0x1607d</value>
         <object_component_ref idref="oc-12"/>
      </symbol>
      <symbol id="sm-1afb">
         <name>__TI_decompress_rle24</name>
         <value>0x1609d</value>
         <object_component_ref idref="oc-18"/>
      </symbol>
      <symbol id="sm-1b0d">
         <name>__TI_zero_init</name>
         <value>0x1608b</value>
         <object_component_ref idref="oc-1e"/>
      </symbol>
      <symbol id="sm-1b2c">
         <name>C$$EXIT</name>
         <value>0x15cc1</value>
         <object_component_ref idref="oc-87"/>
      </symbol>
      <symbol id="sm-1b2d">
         <name>abort</name>
         <value>0x15cc5</value>
         <object_component_ref idref="oc-87"/>
      </symbol>
      <symbol id="sm-1b2e">
         <name>exit</name>
         <value>0x15ccd</value>
         <object_component_ref idref="oc-87"/>
      </symbol>
      <symbol id="sm-1b2f">
         <name>__TI_dtors_ptr</name>
         <value>0x20007968</value>
         <object_component_ref idref="oc-16c"/>
      </symbol>
      <symbol id="sm-1b30">
         <name>__TI_cleanup_ptr</name>
         <value>0x20007964</value>
         <object_component_ref idref="oc-16c"/>
      </symbol>
      <symbol id="sm-1b50">
         <name>__aeabi_ddiv</name>
         <value>0x14a6d</value>
         <object_component_ref idref="oc-123"/>
      </symbol>
      <symbol id="sm-1b5d">
         <name>__aeabi_d2uiz</name>
         <value>0x15d05</value>
         <object_component_ref idref="oc-128"/>
      </symbol>
      <symbol id="sm-1b69">
         <name>__aeabi_f2ulz</name>
         <value>0x15b91</value>
         <object_component_ref idref="oc-3bc"/>
      </symbol>
      <symbol id="sm-1b84">
         <name>memcpy</name>
         <value>0x15609</value>
         <object_component_ref idref="oc-50"/>
      </symbol>
      <symbol id="sm-1b85">
         <name>__aeabi_memcpy</name>
         <value>0x15609</value>
         <object_component_ref idref="oc-50"/>
      </symbol>
      <symbol id="sm-1b86">
         <name>__aeabi_memcpy8</name>
         <value>0x15609</value>
         <object_component_ref idref="oc-50"/>
      </symbol>
      <symbol id="sm-1b87">
         <name>__aeabi_memcpy4</name>
         <value>0x15609</value>
         <object_component_ref idref="oc-50"/>
      </symbol>
      <symbol id="sm-1b96">
         <name>__aeabi_memset</name>
         <value>0x157b3</value>
         <object_component_ref idref="oc-69"/>
      </symbol>
      <symbol id="sm-1b97">
         <name>memset</name>
         <value>0x157b9</value>
         <object_component_ref idref="oc-69"/>
      </symbol>
      <symbol id="sm-1b98">
         <name>__aeabi_memset8</name>
         <value>0x157b3</value>
         <object_component_ref idref="oc-69"/>
      </symbol>
      <symbol id="sm-1b99">
         <name>__aeabi_memset4</name>
         <value>0x157b3</value>
         <object_component_ref idref="oc-69"/>
      </symbol>
      <symbol id="sm-1b9a">
         <name>__aeabi_memclr8</name>
         <value>0x157b1</value>
         <object_component_ref idref="oc-69"/>
      </symbol>
      <symbol id="sm-1b9b">
         <name>__aeabi_memclr4</name>
         <value>0x157b1</value>
         <object_component_ref idref="oc-69"/>
      </symbol>
      <symbol id="sm-1b9c">
         <name>__aeabi_memclr</name>
         <value>0x157b1</value>
         <object_component_ref idref="oc-69"/>
      </symbol>
      <symbol id="sm-1ba6">
         <name>_system_pre_init</name>
         <value>0x160a3</value>
         <object_component_ref idref="oc-75"/>
      </symbol>
      <symbol id="sm-1bbf">
         <name>sprintf</name>
         <value>0x15a39</value>
         <object_component_ref idref="oc-1af"/>
      </symbol>
      <symbol id="sm-1bc7">
         <name>main_func_sp</name>
         <value>0x20007994</value>
         <object_component_ref idref="oc-8d"/>
      </symbol>
      <symbol id="sm-1bd6">
         <name>strcmp</name>
         <value>0x16011</value>
         <object_component_ref idref="oc-51d"/>
      </symbol>
      <symbol id="sm-1be4">
         <name>strcpy</name>
         <value>0x16055</value>
         <object_component_ref idref="oc-1a3"/>
      </symbol>
      <symbol id="sm-1bf2">
         <name>strlen</name>
         <value>0x16069</value>
         <object_component_ref idref="oc-1a9"/>
      </symbol>
      <symbol id="sm-1c02">
         <name>strncmp</name>
         <value>0x15f4f</value>
         <object_component_ref idref="oc-3f9"/>
      </symbol>
      <symbol id="sm-1c14">
         <name>__aeabi_uidivmod</name>
         <value>0x15d89</value>
         <object_component_ref idref="oc-c4"/>
      </symbol>
      <symbol id="sm-1c15">
         <name>__aeabi_uidiv</name>
         <value>0x15d89</value>
         <object_component_ref idref="oc-c4"/>
      </symbol>
      <symbol id="sm-1c21">
         <name>__aeabi_ui2d</name>
         <value>0x15fbd</value>
         <object_component_ref idref="oc-11e"/>
      </symbol>
      <symbol id="sm-1c3a">
         <name>_nop</name>
         <value>0x1604f</value>
         <object_component_ref idref="oc-2d4"/>
      </symbol>
      <symbol id="sm-1c3b">
         <name>_lock</name>
         <value>0x2000795c</value>
         <object_component_ref idref="oc-169"/>
      </symbol>
      <symbol id="sm-1c3c">
         <name>_unlock</name>
         <value>0x20007960</value>
         <object_component_ref idref="oc-169"/>
      </symbol>
      <symbol id="sm-1c3d">
         <name>_register_lock</name>
         <value>0x16047</value>
         <object_component_ref idref="oc-2d4"/>
      </symbol>
      <symbol id="sm-1c3e">
         <name>_register_unlock</name>
         <value>0x16041</value>
         <object_component_ref idref="oc-2d4"/>
      </symbol>
      <symbol id="sm-1d43">
         <name>__TI_printfi</name>
         <value>0x81ad</value>
         <object_component_ref idref="oc-30a"/>
      </symbol>
      <symbol id="sm-1d58">
         <name>_args_main</name>
         <value>0x15ff9</value>
         <object_component_ref idref="oc-81"/>
      </symbol>
      <symbol id="sm-1d6e">
         <name>atoi</name>
         <value>0x15be1</value>
         <object_component_ref idref="oc-46d"/>
      </symbol>
      <symbol id="sm-1d94">
         <name>__TI_auto_init</name>
         <value>0x1582d</value>
         <object_component_ref idref="oc-7b"/>
      </symbol>
      <symbol id="sm-1dae">
         <name>copy_in</name>
         <value>0x15c2d</value>
         <object_component_ref idref="oc-159"/>
      </symbol>
      <symbol id="sm-1db9">
         <name>_ctypes_</name>
         <value>0x165cc</value>
         <object_component_ref idref="oc-54d"/>
      </symbol>
      <symbol id="sm-1ddd">
         <name>__aeabi_dsub</name>
         <value>0x148b7</value>
         <object_component_ref idref="oc-44a"/>
      </symbol>
      <symbol id="sm-1dde">
         <name>__aeabi_dadd</name>
         <value>0x148c1</value>
         <object_component_ref idref="oc-44a"/>
      </symbol>
      <symbol id="sm-1e05">
         <name>__aeabi_cdcmpeq</name>
         <value>0x156a5</value>
         <object_component_ref idref="oc-42b"/>
      </symbol>
      <symbol id="sm-1e06">
         <name>__aeabi_cdcmple</name>
         <value>0x156a5</value>
         <object_component_ref idref="oc-42b"/>
      </symbol>
      <symbol id="sm-1e07">
         <name>__aeabi_cdrcmple</name>
         <value>0x1572b</value>
         <object_component_ref idref="oc-435"/>
      </symbol>
      <symbol id="sm-1e1e">
         <name>__aeabi_dmul</name>
         <value>0x1502d</value>
         <object_component_ref idref="oc-430"/>
      </symbol>
      <symbol id="sm-1e2c">
         <name>__aeabi_d2iz</name>
         <value>0x15c79</value>
         <object_component_ref idref="oc-43a"/>
      </symbol>
      <symbol id="sm-1e39">
         <name>frexp</name>
         <value>0x15f25</value>
         <object_component_ref idref="oc-44f"/>
      </symbol>
      <symbol id="sm-1e43">
         <name>__aeabi_idiv0</name>
         <value>0x60ab</value>
         <object_component_ref idref="oc-1e9"/>
      </symbol>
      <symbol id="sm-1e4f">
         <name>__aeabi_i2d</name>
         <value>0x15e9d</value>
         <object_component_ref idref="oc-445"/>
      </symbol>
      <symbol id="sm-1e60">
         <name>ldexp</name>
         <value>0x15aef</value>
         <object_component_ref idref="oc-455"/>
      </symbol>
      <symbol id="sm-1e6f">
         <name>ltoa</name>
         <value>0x15a99</value>
         <object_component_ref idref="oc-43f"/>
      </symbol>
      <symbol id="sm-1e7f">
         <name>memccpy</name>
         <value>0x15fdd</value>
         <object_component_ref idref="oc-467"/>
      </symbol>
      <symbol id="sm-1e8f">
         <name>strchr</name>
         <value>0x16029</value>
         <object_component_ref idref="oc-45b"/>
      </symbol>
      <symbol id="sm-1eb9">
         <name>__aeabi_uldivmod</name>
         <value>0x1431b</value>
         <object_component_ref idref="oc-426"/>
      </symbol>
      <symbol id="sm-1ec7">
         <name>_Dclass</name>
         <value>0x15e3d</value>
         <object_component_ref idref="oc-461"/>
      </symbol>
      <symbol id="sm-1ee8">
         <name>_Dscale</name>
         <value>0x14f1d</value>
         <object_component_ref idref="oc-539"/>
      </symbol>
      <symbol id="sm-1efc">
         <name>_Dunscale</name>
         <value>0x1596d</value>
         <object_component_ref idref="oc-531"/>
      </symbol>
      <symbol id="sm-1f0b">
         <name>_Feraise</name>
         <value>0x15e6d</value>
         <object_component_ref idref="oc-53f"/>
      </symbol>
      <symbol id="sm-1f1b">
         <name>_Rteps</name>
         <value>0x20007728</value>
         <object_component_ref idref="oc-5c7"/>
      </symbol>
      <symbol id="sm-1f1c">
         <name>_Zero</name>
         <value>0x20007740</value>
         <object_component_ref idref="oc-5c7"/>
      </symbol>
      <symbol id="sm-1f1d">
         <name>_Hugeval</name>
         <value>0x200076e8</value>
         <object_component_ref idref="oc-5c7"/>
      </symbol>
      <symbol id="sm-1f1e">
         <name>_Snan</name>
         <value>0x20007718</value>
         <object_component_ref idref="oc-5c7"/>
      </symbol>
      <symbol id="sm-1f1f">
         <name>_Nan</name>
         <value>0x20007708</value>
         <object_component_ref idref="oc-5c7"/>
      </symbol>
      <symbol id="sm-1f20">
         <name>_Inf</name>
         <value>0x200076f8</value>
         <object_component_ref idref="oc-5c7"/>
      </symbol>
      <symbol id="sm-1f21">
         <name>_Xbig</name>
         <value>0x20007738</value>
         <object_component_ref idref="oc-5c7"/>
      </symbol>
      <symbol id="sm-1f22">
         <name>_Eps</name>
         <value>0x200076d8</value>
         <object_component_ref idref="oc-5c7"/>
      </symbol>
      <symbol id="sm-1f23">
         <name>_Denorm</name>
         <value>0x200076c8</value>
         <object_component_ref idref="oc-5c7"/>
      </symbol>
      <symbol id="sm-1f2b">
         <name>_Errno</name>
         <value>0x20007990</value>
         <object_component_ref idref="oc-5d2"/>
      </symbol>
      <symbol id="sm-1f49">
         <name>feraiseexcept</name>
         <value>0x15e09</value>
         <object_component_ref idref="oc-5cc"/>
      </symbol>
      <symbol id="sm-1f4a">
         <name>_Tls_setup__Fenv</name>
         <value>0x20007970</value>
         <object_component_ref idref="oc-62b"/>
      </symbol>
      <symbol id="sm-1f4b">
         <name>_Fenv</name>
         <value>0x2000796c</value>
         <object_component_ref idref="oc-62b"/>
      </symbol>
      <symbol id="sm-1f5f">
         <name>raise</name>
         <value>0x15ecb</value>
         <object_component_ref idref="oc-625"/>
      </symbol>
      <symbol id="sm-1f79">
         <name>signal</name>
         <value>0x15d49</value>
         <object_component_ref idref="oc-639"/>
      </symbol>
      <symbol id="sm-1f8e">
         <name>_Dnorm</name>
         <value>0x1549f</value>
         <object_component_ref idref="oc-5bd"/>
      </symbol>
      <symbol id="sm-1f8f">
         <name>__TI_static_base__</name>
         <value>0x0</value>
      </symbol>
      <symbol id="sm-1f92">
         <name>SHT$$INIT_ARRAY$$Limit</name>
         <value>0x0</value>
      </symbol>
      <symbol id="sm-1f93">
         <name>SHT$$INIT_ARRAY$$Base</name>
         <value>0x0</value>
      </symbol>
   </symbol_table>
   <title>Link successful</title>
</link_info>
